// Jest Snapshot v1, https://goo.gl/fbAQLP

exports[`<App /> renders without crashing 1`] = `
"<Provider store={{...}}>
  <BrowserRouter>
    <Route exact={true} path=\\"/\\" component={[Function: PostsView]} />
    <Route path=\\"/user\\" component={[Function: UserView]} />
    <Route path=\\"/post\\" component={[Function: PostDetailView]} />
  </BrowserRouter>
</Provider>"
`;
